// Jest Snapshot v1, https://goo.gl/fbAQLP

exports[`should render EditExpensePage correctly 1`] = `
<div>
  <div
    className="page-header"
  >
    <div
      className="content-container"
    >
      <h1>
        Edit Expense
      </h1>
      <ExpenseForm
        expense={
          Object {
            "amount": 109500,
            "createdAt": -345600000,
            "description": "rent",
            "id": "2b",
            "note": "hey",
          }
        }
        onSubmit={[Function]}
      />
      <button
        className="remove-expense__button"
        onClick={[Function]}
      >
        Remove Expense
      </button>
    </div>
  </div>
</div>
`;
