// Jest Snapshot v1, https://goo.gl/fbAQLP

exports[`should correctly render ExpensesSummaryPage with 1 expense 1`] = `
<div>
  <h3>
    Viewing 
    1
     expense
     totaling 
    $0.00
     
  </h3>
</div>
`;

exports[`should correctly render ExpensesSummaryPage with 3 expenses 1`] = `
<div>
  <h3>
    Viewing 
    3
     expense
    s
     totaling 
    $0.00
     
  </h3>
</div>
`;
