// Jest Snapshot v1, https://goo.gl/fbAQLP

exports[`should render ExpenseListItem with expense 1`] = `
<tr>
  <td>
    <Link
      replace={false}
      to="/edit/undefined"
    />
  </td>
  <td>
    $0.00
  </td>
  <td>
    Dec 31st 1969
  </td>
</tr>
`;
